
> sigd-corelink@1.1.0 test:e2e
> vitest run


[1m[46m RUN [49m[22m [36mv3.2.7 [39m[90mC:/Users/areva/OneDrive/Desktop/RICK1/SIGD/backend/docs/implementacion[39m

[MIGRACION] Usando PostgreSQL existente: postgres://postgres:postgres@localhost:5432/sigd_prueba
[MIGRACION] Aplicando DDL real de auditor+°a (ON_ERROR_STOP=1): C:\Users\areva\OneDrive\Desktop\RICK1\SIGD\backend\docs\integracion\06_sigd_audit_esquema_ddl.sql
[MIGRACION] Aplicando FIXTURES PROVISIONALES (5 esquemas de m+¶dulos; sigd_audit NO est+Ì aqu+°): C:\Users\areva\OneDrive\Desktop\RICK1\SIGD\backend\docs\implementacion\tests\fixtures\01_schema_fixtures_test.sql
[MIGRACION] Entorno preparado: sigd_audit del DDL real de integracion/ + stubs provisionales de los 5 m+¶dulos.
 [32m‘£Ù[39m tests/e2e/e2e-12-concurrencia-worker.test.ts [2m([22m[2m3 tests[22m[2m)[22m[33m 793[2mms[22m[39m
   [33m[2m‘£Ù[22m[39m Concurrencia -¿ OutboxWorker[2m > [22mreserva transaccional: despacho lento no libera lock para otro worker [33m 332[2mms[22m[39m
 [32m‘£Ù[39m tests/e2e/e2e-01-radicacion.test.ts [2m([22m[2m1 test[22m[2m)[22m[33m 740[2mms[22m[39m
 [32m‘£Ù[39m tests/e2e/e2e-08-sin-token.test.ts [2m([22m[2m1 test[22m[2m)[22m[33m 376[2mms[22m[39m
 [32m‘£Ù[39m tests/e2e/e2e-07-atomicidad-outbox.test.ts [2m([22m[2m2 tests[22m[2m)[22m[33m 426[2mms[22m[39m
 [32m‘£Ù[39m tests/e2e/e2e-03-duplicado.test.ts [2m([22m[2m1 test[22m[2m)[22m[32m 281[2mms[22m[39m
 [32m‘£Ù[39m tests/e2e/e2e-04-derivar-area-inexistente.test.ts [2m([22m[2m1 test[22m[2m)[22m[33m 321[2mms[22m[39m
 [32m‘£Ù[39m tests/e2e/e2e-05-transicion-estado.test.ts [2m([22m[2m2 tests[22m[2m)[22m[32m 292[2mms[22m[39m
 [32m‘£Ù[39m tests/e2e/e2e-06-contexto-auditoria.test.ts [2m([22m[2m1 test[22m[2m)[22m[32m 274[2mms[22m[39m
 [32m‘£Ù[39m tests/e2e/e2e-02-validacion.test.ts [2m([22m[2m1 test[22m[2m)[22m[33m 311[2mms[22m[39m
 [32m‘£Ù[39m tests/e2e/e2e-09-privilegios.test.ts [2m([22m[2m1 test[22m[2m)[22m[32m 236[2mms[22m[39m
node.exe : [90mstderr[2m | tests/e2e/e2e-10-falla-critica.test.ts[2m > [22m[2mE2E-10 -¿ Falla cr+°tica inducida 
(errores 500 seguros)[2m > [22m[2mserializa 500 INTERNAL_ERROR sin filtrar stack traces ni rutas internas
En lÌnea: 1 Car·cter: 1
+ & "C:\Program Files\nodejs/node.exe" "C:\Program Files\nodejs/node_mo ...
+ ~~~~~~~~~~~~~~~~~~~~~~~~~~~~~~~~~~~~~~~~~~~~~~~~~~~~~~~~~~~~~~~~~~~~~
    + CategoryInfo          : NotSpecified: ([90mstderr[2m... rutas internas:String) [], RemoteException
    + FullyQualifiedErrorId : NativeCommandError
 
[22m[39m[ERROR 5xx] correlation_id=0a53f420-6583-42de-b197-a3bffe8ad7fb method=GET path=/api/falla-critica Error: 
falla inducida en entorno de pruebas
    at [90mC:\Users\areva\OneDrive\Desktop\RICK1\SIGD\backend\docs\implementacion\[39msrc\referencia\expediente.route
r.ts:52:11
    at Layer.handleRequest [90m(C:\Users\areva\OneDrive\Desktop\RICK1\SIGD\backend\docs\implementacion\[39mnode_modul
es\[4mrouter[24m\lib\layer.js:152:17[90m)[39m
    at next [90m(C:\Users\areva\OneDrive\Desktop\RICK1\SIGD\backend\docs\implementacion\[39mnode_modules\[4mrouter[
24m\lib\route.js:157:13[90m)[39m
    at Route.dispatch [90m(C:\Users\areva\OneDrive\Desktop\RICK1\SIGD\backend\docs\implementacion\[39mnode_modules\[
4mrouter[24m\lib\route.js:117:3[90m)[39m
    at handle [90m(C:\Users\areva\OneDrive\Desktop\RICK1\SIGD\backend\docs\implementacion\[39mnode_modules\[4mrouter
[24m\index.js:435:11[90m)[39m
    at Layer.handleRequest [90m(C:\Users\areva\OneDrive\Desktop\RICK1\SIGD\backend\docs\implementacion\[39mnode_modul
es\[4mrouter[24m\lib\layer.js:152:17[90m)[39m
    at [90mC:\Users\areva\OneDrive\Desktop\RICK1\SIGD\backend\docs\implementacion\[39mnode_modules\[4mrouter[24m\in
dex.js:295:15
    at processParams [90m(C:\Users\areva\OneDrive\Desktop\RICK1\SIGD\backend\docs\implementacion\[39mnode_modules\[4
mrouter[24m\index.js:582:12[90m)[39m
    at next [90m(C:\Users\areva\OneDrive\Desktop\RICK1\SIGD\backend\docs\implementacion\[39mnode_modules\[4mrouter[
24m\index.js:291:5[90m)[39m
    at [90mC:\Users\areva\OneDrive\Desktop\RICK1\SIGD\backend\docs\implementacion\[39msrc\referencia\expediente.route
r.ts:31:5

 [32m‘£Ù[39m tests/e2e/e2e-10-falla-critica.test.ts [2m([22m[2m1 test[22m[2m)[22m[33m 371[2mms[22m[39m
 [32m‘£Ù[39m tests/e2e/e2e-11-concurrencia-async-local-storage.test.ts [2m([22m[2m7 tests[22m[2m)[22m[32m 113[2mms[22m[39m

[2m Test Files [22m [1m[32m12 passed[39m[22m[90m (12)[39m
[2m      Tests [22m [1m[32m22 passed[39m[22m[90m (22)[39m
[2m   Start at [22m 12:32:51
[2m   Duration [22m 26.98s[2m (transform 406ms, setup 0ms, collect 5.93s, tests 4.53s, environment 2ms, prepare 2.34s)[22m

EXIT_CODE=0
